2026-10-05 20:26:15.319 INFO   Freerouting v2.4.1 (build-date: 2026-09-03)
WARNING: Final field userProfileSettings in class app.freerouting.settings.GlobalSettings has been mutated reflectively by class com.google.gson.internal.bind.ReflectiveTypeAdapterFactory$2 in unnamed module @481a15ff (file:<tools>/freerouting-2.4.1.jar)
WARNING: Use --enable-final-field-mutation=ALL-UNNAMED to avoid a warning
WARNING: Mutating final fields will be blocked in a future release unless final field mutation is enabled
2026-10-05 20:26:16.609 INFO   New version available: v2.5.0
2026-10-05 20:26:16.699 INFO   [C8A856\41A23D] Loading board file 'run4.dsn'...
2026-10-05 20:26:16.753 INFO   Layer 'In1.Cu' has been automatically configured as a dedicated power plane because it contains a large conduction area covering >50% of the board.
2026-10-05 20:26:16.753 INFO   Layer 'In2.Cu' has been automatically configured as a dedicated power plane because it contains a large conduction area covering >50% of the board.
2026-10-05 20:26:16.759 INFO   [C8A856\41A23D] Job 'C8A856\41A23D' started at 2026-10-06T01:26:16.758961Z.
2026-10-05 20:26:16.868 INFO   [C8A856\41A23D] Fanout stage started on board '7e957d4734f4ace8c42be7678079f36d' with 460 of 490 SMD pins needing fanout (16 already connected, 14 netless).
2026-10-05 20:26:34.508 INFO   [C8A856\41A23D] Fanout pass #1 on board 'f568c3b24d02c9b8e0ec0411d7bbf4d5' completed in 17.57 seconds with 424 SMD pins fanouted, 0 not routed, 0 insert errors, +178 extra vias (0 SMD pins still to check in pass, ripup costs=100).
2026-10-05 20:26:38.297 INFO   [C8A856\41A23D] Fanout pass #2 on board '955dcbbb22cf1d15c51da36c243b982b' completed in 3.77 seconds with 81 SMD pins fanouted, 0 not routed, 0 insert errors, +29 extra vias (0 SMD pins still to check in pass, ripup costs=200).
2026-10-05 20:26:40.990 INFO   [C8A856\41A23D] Fanout pass #3 on board '8f2d8dbae1ed5a7dd30d16d13e242279' completed in 2.68 seconds with 43 SMD pins fanouted, 2 not routed, 0 insert errors, +13 extra vias (0 SMD pins still to check in pass, ripup costs=300).
2026-10-05 20:26:43.383 INFO   [C8A856\41A23D] Fanout pass #4 on board '9447528b098f48416922e8097966c222' completed in 2.38 seconds with 30 SMD pins fanouted, 0 not routed, 0 insert errors, +0 extra vias (0 SMD pins still to check in pass, ripup costs=400).
2026-10-05 20:26:45.719 INFO   [C8A856\41A23D] Fanout pass #5 on board 'bebd17a3ce66d72bbfd9308d24ee9605' completed in 2.32 seconds with 27 SMD pins fanouted, 0 not routed, 0 insert errors, +4 extra vias (0 SMD pins still to check in pass, ripup costs=500).
2026-10-05 20:26:48.077 INFO   [C8A856\41A23D] Fanout pass #6 on board '39952dc1aedd147f50de509e0be4607c' completed in 2.34 seconds with 28 SMD pins fanouted, 1 not routed, 0 insert errors, +0 extra vias (0 SMD pins still to check in pass, ripup costs=600).
2026-10-05 20:26:50.396 INFO   [C8A856\41A23D] Fanout pass #7 on board '12aca89a56acc56bc3599bea271c7873' completed in 2.30 seconds with 24 SMD pins fanouted, 1 not routed, 0 insert errors, +1 extra via (0 SMD pins still to check in pass, ripup costs=700).
2026-10-05 20:26:52.733 INFO   [C8A856\41A23D] Fanout pass #8 on board 'd6d5a8b40d14168ba842ebdab862a1d1' completed in 2.32 seconds with 28 SMD pins fanouted, 1 not routed, 0 insert errors, +0 extra vias (0 SMD pins still to check in pass, ripup costs=800).
2026-10-05 20:26:55.206 INFO   [C8A856\41A23D] Fanout pass #9 on board '794415741cbca4ec38dbe234052895d2' completed in 2.46 seconds with 21 SMD pins fanouted, 1 not routed, 0 insert errors, +4 extra vias (0 SMD pins still to check in pass, ripup costs=900).
2026-10-05 20:26:57.656 INFO   [C8A856\41A23D] Fanout pass #10 on board 'ac19eebea1bfb9c57b05c8c781792550' completed in 2.44 seconds with 22 SMD pins fanouted, 2 not routed, 0 insert errors, +2 extra vias (0 SMD pins still to check in pass, ripup costs=1000).
2026-10-05 20:26:59.960 INFO   [C8A856\41A23D] Fanout pass #11 on board '39ee875781d35ca3312e0e5fcab4b43d' completed in 2.29 seconds with 20 SMD pins fanouted, 1 not routed, 0 insert errors, +0 extra vias (0 SMD pins still to check in pass, ripup costs=1100).
2026-10-05 20:27:02.331 INFO   [C8A856\41A23D] Fanout pass #12 on board 'a599b9446c6a17b5da5a54b10a43b567' completed in 2.36 seconds with 20 SMD pins fanouted, 1 not routed, 0 insert errors, +0 extra vias (0 SMD pins still to check in pass, ripup costs=1200).
2026-10-05 20:27:04.687 INFO   [C8A856\41A23D] Fanout pass #13 on board 'c3400c312a30433079a018bf510b2400' completed in 2.34 seconds with 20 SMD pins fanouted, 1 not routed, 0 insert errors, +0 extra vias (0 SMD pins still to check in pass, ripup costs=1300).
2026-10-05 20:27:06.966 INFO   [C8A856\41A23D] Fanout pass #14 on board 'a85d6cff9f3864789497d7e649a32df2' completed in 2.26 seconds with 19 SMD pins fanouted, 1 not routed, 0 insert errors, +1 extra via (0 SMD pins still to check in pass, ripup costs=1400).
2026-10-05 20:27:09.244 INFO   [C8A856\41A23D] Fanout pass #15 on board 'c2620e3585e5dffdfb71ddae4025c915' completed in 2.26 seconds with 18 SMD pins fanouted, 2 not routed, 0 insert errors, +0 extra vias (0 SMD pins still to check in pass, ripup costs=1500).
2026-10-05 20:27:11.517 INFO   [C8A856\41A23D] Fanout pass #16 on board '949cd8fe913687492e19724221a01b94' completed in 2.26 seconds with 18 SMD pins fanouted, 2 not routed, 0 insert errors, +0 extra vias (0 SMD pins still to check in pass, ripup costs=1600).
2026-10-05 20:27:13.866 INFO   [C8A856\41A23D] Fanout pass #17 on board '55c51bb03fd62f9ae8106b3170d7ccc5' completed in 2.33 seconds with 25 SMD pins fanouted, 1 not routed, 0 insert errors, +2 extra vias (0 SMD pins still to check in pass, ripup costs=1700).
2026-10-05 20:27:16.238 INFO   [C8A856\41A23D] Fanout pass #18 on board 'b8e8e6bf740504c7f5b650a18de8625f' completed in 2.36 seconds with 22 SMD pins fanouted, 1 not routed, 0 insert errors, +2 extra vias (0 SMD pins still to check in pass, ripup costs=1800).
2026-10-05 20:27:18.576 INFO   [C8A856\41A23D] Fanout pass #19 on board '67c77adf21e06046314df22edea6de67' completed in 2.32 seconds with 21 SMD pins fanouted, 1 not routed, 0 insert errors, +0 extra vias (0 SMD pins still to check in pass, ripup costs=1900).
2026-10-05 20:27:20.917 INFO   [C8A856\41A23D] Fanout pass #20 on board 'b671ace1ebac85dc9488125d36b1ba11' completed in 2.33 seconds with 19 SMD pins fanouted, 1 not routed, 0 insert errors, +2 extra vias (0 SMD pins still to check in pass, ripup costs=2000).
2026-10-05 20:27:21.315 INFO   [C8A856\41A23D] Fanout stage completed: started with 476 total SMD pins, completed in 64.40 seconds, escaped pins: 449/476 (94.3%), using 63.61 total CPU seconds, 1212.77 GB total allocated, and 1170.9 MB peak heap usage.
2026-10-05 20:27:21.328 INFO   [C8A856\41A23D] Auto-routing stage started on board 'b671ace1ebac85dc9488125d36b1ba11' for 117 unrouted items.
2026-10-05 20:27:50.551 INFO   [C8A856\41A23D] Auto-routing pass #1 on board 'b671ace1ebac85dc9488125d36b1ba11' was completed in 28.16 seconds with score 957.83 (13 unrouted and 21 violations), using 92.00 CPU seconds and the job allocated 1594.89 GB of memory so far.
2026-10-05 20:27:56.799 INFO   [C8A856\41A23D] Auto-routing pass #2 on board '920b317229b70d4f5d4aad0b09f5919f' was completed in 5.33 seconds with score 984.30 (2 unrouted and 22 violations), using 97.93 CPU seconds and the job allocated 1676.94 GB of memory so far.
2026-10-05 20:27:59.433 INFO   [C8A856\41A23D] Auto-routing pass #3 on board 'a759a908bc9d077ad6273becd4a9f2ee' was completed in 1.68 seconds with score 989.20 (0 unrouted and 22 violations), using 100.89 CPU seconds and the job allocated 1726.82 GB of memory so far.
2026-10-05 20:28:00.863 INFO   [C8A856\41A23D] Auto-routing pass #4 on board '3a12eab11b15dbb2eaa8d0b36d93f71e' was completed in 0.46 seconds with score 989.20 (0 unrouted and 22 violations), using 101.89 CPU seconds and the job allocated 1743.90 GB of memory so far.
2026-10-05 20:28:01.822 INFO   [C8A856\41A23D] Auto-routing stage completed: started with 365 unrouted nets, completed in 104.57 seconds, final score: 989.20 (0 unrouted and 22 violations), using 102.88 total CPU seconds, 1761.61 GB total allocated, and 1623.1 MB peak heap usage.
2026-10-05 20:28:02.287 INFO   [C8A856\41A23D] Optimization stage started on board 'bcecc2c76c88ff54e4382ef7ddc7b8bd' with score 989.20 (0 unrouted and 22 violations).
