2026-10-04 20:33:16.752 INFO   Freerouting v2.4.1 (build-date: 2026-09-03)
WARNING: Final field userProfileSettings in class app.freerouting.settings.GlobalSettings has been mutated reflectively by class com.google.gson.internal.bind.ReflectiveTypeAdapterFactory$2 in unnamed module @481a15ff (file:<tools>/freerouting-2.4.1.jar)
WARNING: Use --enable-final-field-mutation=ALL-UNNAMED to avoid a warning
WARNING: Mutating final fields will be blocked in a future release unless final field mutation is enabled
2026-10-04 20:33:18.125 INFO   [FABB6C\7F72B3] Loading board file 'DRAFT-autoroute.dsn'...
2026-10-04 20:33:18.170 INFO   Layer 'In1.Cu' has been automatically configured as a dedicated power plane because it contains a large conduction area covering >50% of the board.
2026-10-04 20:33:18.170 INFO   Layer 'In2.Cu' has been automatically configured as a dedicated power plane because it contains a large conduction area covering >50% of the board.
2026-10-04 20:33:18.177 INFO   [FABB6C\7F72B3] Job 'FABB6C\7F72B3' started at 2026-10-05T01:33:18.177802Z.
2026-10-04 20:33:18.247 INFO   [FABB6C\7F72B3] Fanout stage started on board '5dafc33e62f4ccf3818bdae5fdad0f47' with 458 of 488 SMD pins needing fanout (16 already connected, 14 netless).
2026-10-04 20:33:40.694 INFO   [FABB6C\7F72B3] Fanout pass #1 on board '2f556af5ac717b196fb06db3eba9c33c' completed in 22.40 seconds with 441 SMD pins fanouted, 1 not routed, 0 insert errors, +163 extra vias (0 SMD pins still to check in pass, ripup costs=100).
2026-10-04 20:33:49.890 INFO   [FABB6C\7F72B3] Fanout pass #2 on board '0889d004a832e084b35bf8baff8c8f16' completed in 9.18 seconds with 94 SMD pins fanouted, 4 not routed, 0 insert errors, +38 extra vias (0 SMD pins still to check in pass, ripup costs=200).
2026-10-04 20:34:00.152 INFO   [FABB6C\7F72B3] Fanout pass #3 on board 'ecc192d2e48cd6ba5ed590ea40f2dbbb' completed in 10.24 seconds with 64 SMD pins fanouted, 2 not routed, 0 insert errors, +4 extra vias (0 SMD pins still to check in pass, ripup costs=300).
2026-10-04 20:34:06.930 INFO   [FABB6C\7F72B3] Fanout pass #4 on board '254b17cabf5ed5ecd9dcb911d0539881' completed in 6.76 seconds with 50 SMD pins fanouted, 1 not routed, 0 insert errors, +0 extra vias (0 SMD pins still to check in pass, ripup costs=400).
2026-10-04 20:34:13.262 INFO   [FABB6C\7F72B3] Fanout pass #5 on board '443bf54e9319ed4752f9ffe4aa61d6c3' completed in 6.32 seconds with 49 SMD pins fanouted, 1 not routed, 0 insert errors, +10 extra vias (0 SMD pins still to check in pass, ripup costs=500).
2026-10-04 20:34:20.112 INFO   [FABB6C\7F72B3] Fanout pass #6 on board '4bc6f0d05dcad14e07f0fc4f15900ee1' completed in 6.83 seconds with 43 SMD pins fanouted, 2 not routed, 0 insert errors, +0 extra vias (0 SMD pins still to check in pass, ripup costs=600).
2026-10-04 20:34:24.686 INFO   [FABB6C\7F72B3] Fanout pass #7 on board '0eb21ebd8f0fba8df073750a35442ff0' completed in 4.56 seconds with 44 SMD pins fanouted, 3 not routed, 0 insert errors, +0 extra vias (0 SMD pins still to check in pass, ripup costs=700).
2026-10-04 20:34:30.244 INFO   [FABB6C\7F72B3] Fanout pass #8 on board '6aacf355be3c3927be8bb03ea10d8013' completed in 5.54 seconds with 48 SMD pins fanouted, 4 not routed, 0 insert errors, +4 extra vias (0 SMD pins still to check in pass, ripup costs=800).
2026-10-04 20:34:35.409 INFO   [FABB6C\7F72B3] Fanout pass #9 on board '0573933fa227f5448b54e8228113641d' completed in 5.15 seconds with 40 SMD pins fanouted, 3 not routed, 0 insert errors, +4 extra vias (0 SMD pins still to check in pass, ripup costs=900).
2026-10-04 20:34:41.948 INFO   [FABB6C\7F72B3] Fanout pass #10 on board '6e31414a5f26de901f17b7952a973561' completed in 6.52 seconds with 44 SMD pins fanouted, 1 not routed, 0 insert errors, +0 extra vias (0 SMD pins still to check in pass, ripup costs=1000).
2026-10-04 20:34:45.270 INFO   [FABB6C\7F72B3] Fanout pass #11 on board '935810dd67881f24f851008dbe62e211' completed in 3.31 seconds with 37 SMD pins fanouted, 1 not routed, 0 insert errors, +2 extra vias (0 SMD pins still to check in pass, ripup costs=1100).
2026-10-04 20:34:50.431 INFO   [FABB6C\7F72B3] Fanout pass #12 on board '865c8bdabc7c50fcad98832c172a7125' completed in 5.15 seconds with 37 SMD pins fanouted, 1 not routed, 0 insert errors, +0 extra vias (0 SMD pins still to check in pass, ripup costs=1200).
2026-10-04 20:34:54.723 INFO   [FABB6C\7F72B3] Fanout pass #13 on board '902c40899ee8296fad08b6629a54fba4' completed in 4.28 seconds with 36 SMD pins fanouted, 2 not routed, 0 insert errors, +1 extra via (0 SMD pins still to check in pass, ripup costs=1300).
2026-10-04 20:34:59.751 INFO   [FABB6C\7F72B3] Fanout pass #14 on board '2d73afe01d8b9662c5eb035110085eb6' completed in 5.01 seconds with 39 SMD pins fanouted, 1 not routed, 0 insert errors, +0 extra vias (0 SMD pins still to check in pass, ripup costs=1400).
2026-10-04 20:35:04.615 INFO   [FABB6C\7F72B3] Fanout pass #15 on board '1acfb4e6aac244366d27f4fb6ae00b60' completed in 4.85 seconds with 39 SMD pins fanouted, 3 not routed, 0 insert errors, +3 extra vias (0 SMD pins still to check in pass, ripup costs=1500).
2026-10-04 20:35:09.889 INFO   [FABB6C\7F72B3] Fanout pass #16 on board '253016b92bdbe98c362254fe6a59bcb8' completed in 5.26 seconds with 36 SMD pins fanouted, 1 not routed, 0 insert errors, +0 extra vias (0 SMD pins still to check in pass, ripup costs=1600).
2026-10-04 20:35:13.148 INFO   [FABB6C\7F72B3] Fanout pass #17 on board '11ca321f8d4a69a2975d6bc132dc5546' completed in 3.24 seconds with 37 SMD pins fanouted, 3 not routed, 0 insert errors, +0 extra vias (0 SMD pins still to check in pass, ripup costs=1700).
2026-10-04 20:35:18.488 INFO   [FABB6C\7F72B3] Fanout pass #18 on board 'bc6028e98399db881ce0d5b8a116e0c7' completed in 5.33 seconds with 35 SMD pins fanouted, 4 not routed, 0 insert errors, +3 extra vias (0 SMD pins still to check in pass, ripup costs=1800).
2026-10-04 20:35:21.602 INFO   [FABB6C\7F72B3] Fanout pass #19 on board '184c5ee618dfd71927226826f13b1126' completed in 3.10 seconds with 36 SMD pins fanouted, 1 not routed, 0 insert errors, +0 extra vias (0 SMD pins still to check in pass, ripup costs=1900).
2026-10-04 20:35:26.354 INFO   [FABB6C\7F72B3] Fanout pass #20 on board 'e561e67d1750c76b9958baad71b3a976' completed in 4.74 seconds with 40 SMD pins fanouted, 1 not routed, 0 insert errors, +1 extra via (0 SMD pins still to check in pass, ripup costs=2000).
2026-10-04 20:35:26.741 INFO   [FABB6C\7F72B3] Fanout stage completed: started with 474 total SMD pins, completed in 128.46 seconds, escaped pins: 435/474 (91.8%), using 126.64 total CPU seconds, 2406.12 GB total allocated, and 1528.7 MB peak heap usage.
2026-10-04 20:35:26.754 INFO   [FABB6C\7F72B3] Auto-routing stage started on board 'e561e67d1750c76b9958baad71b3a976' for 114 unrouted items.
2026-10-04 20:36:16.394 INFO   [FABB6C\7F72B3] Auto-routing pass #1 on board 'e561e67d1750c76b9958baad71b3a976' was completed in 48.82 seconds with score 920.19 (30 unrouted and 12 violations), using 175.10 CPU seconds and the job allocated 2965.41 GB of memory so far.
2026-10-04 20:36:42.410 INFO   [FABB6C\7F72B3] Auto-routing pass #2 on board 'b37cdbb3b81d065d6003ffe11620bbcd' was completed in 25.16 seconds with score 962.06 (13 unrouted and 12 violations), using 200.77 CPU seconds and the job allocated 3253.67 GB of memory so far.
2026-10-04 20:36:50.903 INFO   [FABB6C\7F72B3] Auto-routing pass #3 on board '1da37843d23f0d6b10bfc5b18292ec0a' was completed in 7.61 seconds with score 976.84 (7 unrouted and 12 violations), using 208.73 CPU seconds and the job allocated 3363.56 GB of memory so far.
2026-10-04 20:37:01.798 INFO   [FABB6C\7F72B3] Auto-routing pass #4 on board 'f8f3f778956eca27014359072c67344a' was completed in 9.99 seconds with score 979.30 (6 unrouted and 12 violations), using 219.56 CPU seconds and the job allocated 3489.46 GB of memory so far.
2026-10-04 20:37:07.494 INFO   [FABB6C\7F72B3] Auto-routing pass #5 on board '64fc061a1d9ad11f2cb4f94214c6da5c' was completed in 4.78 seconds with score 979.30 (6 unrouted and 12 violations), using 225.52 CPU seconds and the job allocated 3571.62 GB of memory so far.
2026-10-04 20:37:14.165 INFO   [FABB6C\7F72B3] Auto-routing pass #6 on board '4d312459cc8276d1ed86210b89dfc845' was completed in 5.74 seconds with score 984.23 (4 unrouted and 12 violations), using 231.48 CPU seconds and the job allocated 3653.59 GB of memory so far.
2026-10-04 20:37:22.222 INFO   [FABB6C\7F72B3] Auto-routing pass #7 on board 'd96842bc2507d6060939fb65aa0b7b8f' was completed in 7.14 seconds with score 984.23 (4 unrouted and 12 violations), using 240.40 CPU seconds and the job allocated 3760.05 GB of memory so far.
2026-10-04 20:37:27.215 INFO   [FABB6C\7F72B3] Auto-routing pass #8 on board 'd96842bc2507d6060939fb65aa0b7b8f' was completed in 0.00 seconds with score 984.23 (4 unrouted and 12 violations), using 244.37 CPU seconds and the job allocated 3812.64 GB of memory so far.
2026-10-04 20:37:34.701 INFO   [FABB6C\7F72B3] Auto-routing pass #9 on board 'd96842bc2507d6060939fb65aa0b7b8f' was completed in 7.02 seconds with score 984.23 (4 unrouted and 12 violations), using 252.27 CPU seconds and the job allocated 3905.39 GB of memory so far.
2026-10-04 20:37:39.564 INFO   [FABB6C\7F72B3] Auto-routing pass #10 on board '195050548d05baa26c4d8fc4037a3a95' was completed in 3.98 seconds with score 979.30 (6 unrouted and 12 violations), using 257.23 CPU seconds and the job allocated 3974.40 GB of memory so far.
2026-10-04 20:37:50.791 INFO   [FABB6C\7F72B3] Auto-routing pass #11 on board 'db06d1a341155466300f31fc0b0f989b' was completed in 9.50 seconds with score 979.30 (6 unrouted and 12 violations), using 268.10 CPU seconds and the job allocated 4110.17 GB of memory so far.
2026-10-04 20:37:59.989 INFO   [FABB6C\7F72B3] Auto-routing pass #12 on board 'd96842bc2507d6060939fb65aa0b7b8f' was completed in 0.00 seconds with score 984.23 (4 unrouted and 12 violations), using 277.03 CPU seconds and the job allocated 4222.72 GB of memory so far.
2026-10-04 20:38:08.117 INFO   [FABB6C\7F72B3] Auto-routing pass #13 on board 'd96842bc2507d6060939fb65aa0b7b8f' was completed in 7.68 seconds with score 984.23 (4 unrouted and 12 violations), using 284.93 CPU seconds and the job allocated 4310.85 GB of memory so far.
2026-10-04 20:38:14.151 INFO   [FABB6C\7F72B3] Auto-routing pass #14 on board '1ca8a1050487ce7e07759a8569823294' was completed in 5.14 seconds with score 979.30 (6 unrouted and 12 violations), using 290.88 CPU seconds and the job allocated 4386.85 GB of memory so far.
2026-10-04 20:38:25.901 INFO   [FABB6C\7F72B3] Auto-routing pass #15 on board '39c2fb7f45553d18058ca90bf3ee5faf' was completed in 10.87 seconds with score 981.76 (5 unrouted and 12 violations), using 302.75 CPU seconds and the job allocated 4538.79 GB of memory so far.
2026-10-04 20:38:34.796 INFO   [FABB6C\7F72B3] Auto-routing pass #16 on board '3c31e7a1dd75c9241315f925beb5283a' was completed in 8.02 seconds with score 984.23 (4 unrouted and 12 violations), using 311.59 CPU seconds and the job allocated 4645.73 GB of memory so far.
2026-10-04 20:38:42.636 INFO   [FABB6C\7F72B3] Auto-routing pass #17 on board '7215e7c1db9997f1013de970515c3d59' was completed in 6.96 seconds with score 986.69 (3 unrouted and 12 violations), using 319.52 CPU seconds and the job allocated 4736.85 GB of memory so far.
2026-10-04 20:38:50.422 INFO   [FABB6C\7F72B3] Auto-routing pass #18 on board 'ecc707c4ac41b8ba3157b8efc18dce6c' was completed in 6.90 seconds with score 984.23 (4 unrouted and 12 violations), using 326.46 CPU seconds and the job allocated 4817.62 GB of memory so far.
2026-10-04 20:39:02.131 INFO   [FABB6C\7F72B3] Auto-routing pass #19 on board 'cbaaa3e27a6fc53a7c8115bc3c7c42eb' was completed in 10.82 seconds with score 986.69 (3 unrouted and 12 violations), using 338.34 CPU seconds and the job allocated 4938.58 GB of memory so far.
2026-10-04 20:39:06.568 INFO   [FABB6C\7F72B3] Auto-routing pass #20 on board 'f17cfd3baf23a25777a21b4f0abe08a2' was completed in 3.51 seconds with score 986.69 (3 unrouted and 12 violations), using 342.31 CPU seconds and the job allocated 4991.89 GB of memory so far.
2026-10-04 20:39:15.033 INFO   [FABB6C\7F72B3] Auto-routing pass #21 on board 'ef057234d886ef4af7add5f4db6ebec6' was completed in 7.57 seconds with score 986.69 (3 unrouted and 12 violations), using 351.21 CPU seconds and the job allocated 5095.75 GB of memory so far.
2026-10-04 20:39:23.603 INFO   [FABB6C\7F72B3] Auto-routing pass #22 on board 'effd8a726dc02be9d4736e58f25a82ce' was completed in 7.68 seconds with score 986.69 (3 unrouted and 12 violations), using 359.12 CPU seconds and the job allocated 5182.07 GB of memory so far.
2026-10-04 20:39:32.284 INFO   [FABB6C\7F72B3] Auto-routing pass #23 on board 'f70d7220b717d308ac2d5a897cff2e80' was completed in 7.77 seconds with score 986.69 (3 unrouted and 12 violations), using 368.01 CPU seconds and the job allocated 5286.70 GB of memory so far.
2026-10-04 20:39:40.761 INFO   [FABB6C\7F72B3] Auto-routing pass #24 on board 'ddea67ffd0b75b629348b1ecc6328523' was completed in 7.57 seconds with score 986.69 (3 unrouted and 12 violations), using 375.93 CPU seconds and the job allocated 5380.85 GB of memory so far.
2026-10-04 20:39:49.347 INFO   [FABB6C\7F72B3] Auto-routing pass #25 on board '01fccfa116946e9a4afd7a8a887547de' was completed in 7.69 seconds with score 986.69 (3 unrouted and 12 violations), using 384.83 CPU seconds and the job allocated 5481.65 GB of memory so far.
2026-10-04 20:39:50.270 INFO   [FABB6C\7F72B3] Auto-routing stage completed: started with 386 unrouted nets, completed in 391.62 seconds, final score: 986.69 (3 unrouted and 12 violations), using 385.82 total CPU seconds, 5499.06 GB total allocated, and 2389.6 MB peak heap usage.
2026-10-04 20:39:50.724 INFO   [FABB6C\7F72B3] Optimization stage started on board '87736d665204eac50ea08c6efc0eb6e6' with score 981.76 (5 unrouted and 12 violations).
2026-10-04 20:40:38.312 INFO   [FABB6C\7F72B3] Stopping optimization pass #1 early after 50 consecutive items could not be improved.
2026-10-04 20:40:38.770 INFO   [FABB6C\7F72B3] Optimizer pass #1 on board '9808691f1ab7bfe819ce60c744856f34' was completed in 46.67 seconds with the score of 981.76 (5 unrouted and 12 violations).
2026-10-04 20:40:39.213 INFO   [FABB6C\7F72B3] Stopping optimizer because the improvement in this pass (0.0000%) is below the threshold (1.00%).
2026-10-04 20:40:39.663 INFO   [FABB6C\7F72B3] Optimization stage completed: started with score 981.76 (5 unrouted and 12 violations), completed in 48.49 seconds, final score: 981.76 (5 unrouted and 12 violations), using 47.94 total CPU seconds, 859.32 GB total allocated, and 1325.4 MB peak heap usage.
2026-10-04 20:40:39.676 INFO   [FABB6C\7F72B3] Job 'FABB6C\7F72B3' finished with state: COMPLETED (elapsed: 7 minutes 21.50 seconds, finished at UTC: 2026-10-05T01:40:39.676159Z).
2026-10-04 20:40:39.758 INFO   Saving output file '<path> (SES)...
2026-10-04 20:40:39.759 INFO   Successfully saved output file '<path> (128127 bytes).
